Program start time: 2026-09-22 19:35:28.114
=== Dictionary contents ===
{
	ElementCount: 2;
	ElementLabel: ["O",
		"H"];
	BlackCount: 0;
	BlackList: [0, 0];
	WhiteList: [2, 4];
	OrderLimit: 5;
	ComponentCountCutoff: [0, 0, 0, 0, 0];
	WhiteTreeWidthCutoff: [0, 0, 0, 0, 0];
	BlackTreeWidthCutoff: [0, 0, 0, 0, 0];
	SystemPrefix: "water_n1_order5";
	PrintMG: false;
	PrintCMG: false;
	PrintRawFormula: false;
	PrintIR: false;
	PrintSoA: false;
	PrintAoS: false;
	PrintCpp: false;
	PrintJax: false;
	PrintPyTorch: false;
}
=== End of dictionary ===


================= Parameter contents =================
=== CMG parameter (raw input) ===
outputPath = /share/Hyper/experiments/generation_benchmark/rerun_e5c38d3_sparse/water/CMG_PIP/n1/output
ElementCount = 2
ElementLabel = ["O", "H"]
BlackCount = 0
BlackList = [0, 0]
WhiteList = [2, 4]
OrderLimit = 5
ComponentCountCutoff = [0, 0, 0, 0, 0]
WhiteTreeWidthCutoff = [0, 0, 0, 0, 0]
BlackTreeWidthCutoff = [0, 0, 0, 0, 0]
SystemPrefix = "water_n1_order5"
PrintMG=false PrintCMG=false PrintRawFormula=false PrintIR=false
PrintSoA=false PrintAoS=false
PrintCpp=false PrintJax=false PrintPyTorch=false
================ End of parameter ====================

================= Check result =======================
=== CMG parameter (checked) ===
EffectiveComponentCountCutoff = [1, 2, 3, 4, 5]
EffectiveWhiteTreeWidthCutoff = [1, 1, 2, 2, 2]
EffectiveBlackTreeWidthCutoff = [1, 1, 2, 2, 2]
BlackCount=0: global white-only mode.
==================== End of check ====================

Descriptor paradigm: global molecular

================ MG enumeration ======================
multiplicity 1: strategy=Initial generated=1 retained=1 max_components=1
multiplicity 2: strategy=All generated=3 retained=3 max_components=2
multiplicity 3: strategy=All generated=8 retained=8 max_components=3
multiplicity 4: strategy=All generated=23 retained=23 max_components=4
multiplicity 5: strategy=All generated=66 retained=66 max_components=5
================ End of MG enumeration ===============

================ CMG DAG construction ================
multiplicity 1: MG=1 complete_colorings=3 DAG_nodes=3 DAG_edges=0 retained=3 white_path_width<=1 black_path_width<=1
multiplicity 2: MG=3 complete_colorings=12 DAG_nodes=12 DAG_edges=9 retained=12 white_path_width<=1 black_path_width<=1
multiplicity 3: MG=8 complete_colorings=41 DAG_nodes=41 DAG_edges=66 retained=41 white_path_width<=2 black_path_width<=2
multiplicity 4: MG=23 complete_colorings=137 DAG_nodes=137 DAG_edges=394 retained=137 white_path_width<=2 black_path_width<=2
multiplicity 5: MG=66 complete_colorings=415 DAG_nodes=415 DAG_edges=1637 retained=415 white_path_width<=2 black_path_width<=2
================ End of CMG DAG construction =========

================ Global layout =======================
layout outputs: 608
================ End of global layout ================

Global molecular layout is ready.
Program end time: 2026-09-22 19:35:28.225
Program elapsed time: (0 day, 0 h, 0 min, 0 s, 110 ms)
